Archive member included to satisfy reference by file (symbol)

/Applications/ArmGNUToolchain/15.2.rel1/arm-none-eabi/bin/../lib/gcc/arm-none-eabi/15.2.1/../../../../arm-none-eabi/lib/thumb/v7e-m/nofp/libc_nano.a(libc_a-memset.o)
                              microbench.o (memset)

There are no discarded input sections

Memory Configuration

Name             Origin             Length             Attributes
FLASH            0x08000000         0x00080000         xr
SRAM             0x20000000         0x00018000         xrw
*default*        0x00000000         0xffffffff

Linker script and memory map

LOAD main.o
LOAD os_kernel.o
LOAD os_kernel_asm.o
LOAD os_tests.o
LOAD tasks.o
LOAD stm32f411_startup.o
LOAD uart.o
LOAD microbench.o
START GROUP
LOAD /Applications/ArmGNUToolchain/15.2.rel1/arm-none-eabi/bin/../lib/gcc/arm-none-eabi/15.2.1/thumb/v7e-m/nofp/libgcc.a
LOAD /Applications/ArmGNUToolchain/15.2.rel1/arm-none-eabi/bin/../lib/gcc/arm-none-eabi/15.2.1/../../../../arm-none-eabi/lib/thumb/v7e-m/nofp/libc_nano.a
END GROUP
START GROUP
LOAD /Applications/ArmGNUToolchain/15.2.rel1/arm-none-eabi/bin/../lib/gcc/arm-none-eabi/15.2.1/thumb/v7e-m/nofp/libgcc.a
LOAD /Applications/ArmGNUToolchain/15.2.rel1/arm-none-eabi/bin/../lib/gcc/arm-none-eabi/15.2.1/../../../../arm-none-eabi/lib/thumb/v7e-m/nofp/libc_nano.a
LOAD /Applications/ArmGNUToolchain/15.2.rel1/arm-none-eabi/bin/../lib/gcc/arm-none-eabi/15.2.1/../../../../arm-none-eabi/lib/thumb/v7e-m/nofp/libnosys.a
END GROUP
START GROUP
LOAD /Applications/ArmGNUToolchain/15.2.rel1/arm-none-eabi/bin/../lib/gcc/arm-none-eabi/15.2.1/thumb/v7e-m/nofp/libgcc.a
LOAD /Applications/ArmGNUToolchain/15.2.rel1/arm-none-eabi/bin/../lib/gcc/arm-none-eabi/15.2.1/../../../../arm-none-eabi/lib/thumb/v7e-m/nofp/libc_nano.a
LOAD /Applications/ArmGNUToolchain/15.2.rel1/arm-none-eabi/bin/../lib/gcc/arm-none-eabi/15.2.1/../../../../arm-none-eabi/lib/thumb/v7e-m/nofp/libnosys.a
END GROUP
                0x20018000                        _estack = (ORIGIN (SRAM) + LENGTH (SRAM))
                0x00000200                        __max_heap_size = 0x200
                0x00000400                        __max_stack_size = 0x400

.text           0x08000000      0xd5c
                0x08000000                        . = ALIGN (0x4)
 *(.isr_vector_tbl)
 .isr_vector_tbl
                0x08000000      0x198 stm32f411_startup.o
                0x08000000                vector_tbl
 *(.text)
 .text          0x08000198       0x24 main.o
                0x08000198                main
 .text          0x080001bc      0x584 os_kernel.o
                0x080001bc                os_task_init_stack
                0x08000264                os_task_create
                0x08000300                os_scheduler
                0x080003a0                SysTick_Handler
                0x08000474                os_delay
                0x080004b4                os_kernel_init
                0x080004d8                os_kernel_launch
                0x08000508                os_mutex_acquire
                0x08000594                os_mutex_release
                0x08000630                os_semaphore_acquire
                0x080006a4                os_semaphore_release
 .text          0x08000740       0x70 os_kernel_asm.o
                0x08000740                os_kernel_launch_asm
                0x08000754                PendSV_Handler
                0x0800077c                os_start_first_task
 .text          0x080007b0      0x108 os_tests.o
                0x08000894                os_run_post
 .text          0x080008b8        0x8 tasks.o
                0x080008b8                os_idle_task
 .text          0x080008c0       0x98 stm32f411_startup.o
                0x080008c0                DMA1_Stream3_IRQHandler
                0x080008c0                EXTI2_IRQHandler
                0x080008c0                DebugMon_Handler
                0x080008c0                SPI4_IRQHandler
                0x080008c0                TIM1_CC_IRQHandler
                0x080008c0                DMA2_Stream5_IRQHandler
                0x080008c0                HardFault_Handler
                0x080008c0                DMA1_Stream5_IRQHandler
                0x080008c0                PVD_IRQHandler
                0x080008c0                SDIO_IRQHandler
                0x080008c0                TAMP_STAMP_IRQHandler
                0x080008c0                NMI_Handler
                0x080008c0                EXTI3_IRQHandler
                0x080008c0                TIM1_UP_TIM10_IRQHandler
                0x080008c0                I2C3_ER_IRQHandler
                0x080008c0                EXTI0_IRQHandler
                0x080008c0                I2C2_EV_IRQHandler
                0x080008c0                DMA1_Stream2_IRQHandler
                0x080008c0                FPU_IRQHandler
                0x080008c0                UsageFault_Handler
                0x080008c0                DMA2_Stream2_IRQHandler
                0x080008c0                SPI1_IRQHandler
                0x080008c0                TIM1_BRK_TIM9_IRQHandler
                0x080008c0                DMA2_Stream3_IRQHandler
                0x080008c0                USART6_IRQHandler
                0x080008c0                RTC_Alarm_IRQHandler
                0x080008c0                DMA2_Stream0_IRQHandler
                0x080008c0                TIM4_IRQHandler
                0x080008c0                I2C1_EV_IRQHandler
                0x080008c0                DMA1_Stream6_IRQHandler
                0x080008c0                DMA1_Stream1_IRQHandler
                0x080008c0                TIM3_IRQHandler
                0x080008c0                RCC_IRQHandler
                0x080008c0                Default_Handler
                0x080008c0                EXTI15_10_IRQHandler
                0x080008c0                ADC_IRQHandler
                0x080008c0                DMA1_Stream7_IRQHandler
                0x080008c0                SPI5_IRQHandler
                0x080008c0                TIM5_IRQHandler
                0x080008c0                DMA2_Stream7_IRQHandler
                0x080008c0                I2C3_EV_IRQHandler
                0x080008c0                EXTI9_5_IRQHandler
                0x080008c0                RTC_WKUP_IRQHandler
                0x080008c0                SPI2_IRQHandler
                0x080008c0                MemManage_Handler
                0x080008c0                DMA1_Stream0_IRQHandler
                0x080008c0                SVC_Handler
                0x080008c0                EXTI4_IRQHandler
                0x080008c0                WWDG_IRQHandler
                0x080008c0                TIM2_IRQHandler
                0x080008c0                OTG_FS_WKUP_IRQHandler
                0x080008c0                TIM1_TRG_COM_TIM11_IRQHandler
                0x080008c0                EXTI1_IRQHandler
                0x080008c0                USART2_IRQHandler
                0x080008c0                I2C2_ER_IRQHandler
                0x080008c0                DMA2_Stream1_IRQHandler
                0x080008c0                FLASH_IRQHandler
                0x080008c0                DMA2_Stream4_IRQHandler
                0x080008c0                BusFault_Handler
                0x080008c0                USART1_IRQHandler
                0x080008c0                OTG_FS_IRQHandler
                0x080008c0                SPI3_IRQHandler
                0x080008c0                DMA1_Stream4_IRQHandler
                0x080008c0                I2C1_ER_IRQHandler
                0x080008c0                DMA2_Stream6_IRQHandler
                0x080008c6                Reset_Handler
 .text          0x08000958      0x1f0 uart.o
                0x08000958                __io_putchar
                0x08000988                uart_init
                0x08000a9c                uart_print
                0x08000ac6                uart_print_number
 .text          0x08000b48       0xa8 microbench.o
                0x08000b48                microbench_init
                0x08000b7c                bench_mutex_overhead
 .text          0x08000bf0        0x0 /Applications/ArmGNUToolchain/15.2.rel1/arm-none-eabi/bin/../lib/gcc/arm-none-eabi/15.2.1/../../../../arm-none-eabi/lib/thumb/v7e-m/nofp/libc_nano.a(libc_a-memset.o)
 *(.rodata)
 .rodata        0x08000bf0       0x41 main.o
 *fill*         0x08000c31        0x3 
 .rodata        0x08000c34       0xf5 os_tests.o
 *fill*         0x08000d29        0x3 
 .rodata        0x08000d2c        0x2 uart.o
 *fill*         0x08000d2e        0x2 
 .rodata        0x08000d30       0x2b microbench.o
                0x08000d5c                        . = ALIGN (0x4)
 *fill*         0x08000d5b        0x1 
                0x08000d5c                        _etext = .

.glue_7         0x08000d5c        0x0
 .glue_7        0x08000d5c        0x0 linker stubs

.glue_7t        0x08000d5c        0x0
 .glue_7t       0x08000d5c        0x0 linker stubs

.vfp11_veneer   0x08000d5c        0x0
 .vfp11_veneer  0x08000d5c        0x0 linker stubs

.v4_bx          0x08000d5c        0x0
 .v4_bx         0x08000d5c        0x0 linker stubs

.iplt           0x08000d5c        0x0
 .iplt          0x08000d5c        0x0 main.o

.text.memset    0x08000d5c       0x10
 .text.memset   0x08000d5c       0x10 /Applications/ArmGNUToolchain/15.2.rel1/arm-none-eabi/bin/../lib/gcc/arm-none-eabi/15.2.1/../../../../arm-none-eabi/lib/thumb/v7e-m/nofp/libc_nano.a(libc_a-memset.o)
                0x08000d5c                memset

.rel.dyn        0x08000d6c        0x0
 .rel.iplt      0x08000d6c        0x0 main.o

.data           0x20000000        0x0 load address 0x08000d6c
                0x20000000                        . = ALIGN (0x4)
                0x20000000                        _sdata = .
 *(.data)
 .data          0x20000000        0x0 main.o
 .data          0x20000000        0x0 os_kernel.o
 .data          0x20000000        0x0 os_kernel_asm.o
 .data          0x20000000        0x0 os_tests.o
 .data          0x20000000        0x0 tasks.o
 .data          0x20000000        0x0 stm32f411_startup.o
 .data          0x20000000        0x0 uart.o
 .data          0x20000000        0x0 microbench.o
 .data          0x20000000        0x0 /Applications/ArmGNUToolchain/15.2.rel1/arm-none-eabi/bin/../lib/gcc/arm-none-eabi/15.2.1/../../../../arm-none-eabi/lib/thumb/v7e-m/nofp/libc_nano.a(libc_a-memset.o)
                0x20000000                        . = ALIGN (0x4)
                0x20000000                        _edata = .

.igot.plt       0x20000000        0x0 load address 0x08000d6c
 .igot.plt      0x20000000        0x0 main.o

.bss            0x20000000       0x98 load address 0x08000d6c
                0x20000000                        . = ALIGN (0x4)
                0x20000000                        _sbss = .
 *(.bss)
 .bss           0x20000000        0x0 main.o
 .bss           0x20000000       0x98 os_kernel.o
                0x20000000                os_tasks
                0x20000094                current_tcb
 .bss           0x20000098        0x0 os_kernel_asm.o
 .bss           0x20000098        0x0 os_tests.o
 .bss           0x20000098        0x0 tasks.o
 .bss           0x20000098        0x0 stm32f411_startup.o
 .bss           0x20000098        0x0 uart.o
 .bss           0x20000098        0x0 microbench.o
 .bss           0x20000098        0x0 /Applications/ArmGNUToolchain/15.2.rel1/arm-none-eabi/bin/../lib/gcc/arm-none-eabi/15.2.1/../../../../arm-none-eabi/lib/thumb/v7e-m/nofp/libc_nano.a(libc_a-memset.o)
                0x20000098                        . = ALIGN (0x4)
                0x20000098                        _ebss = .
OUTPUT(all.elf elf32-littlearm)
LOAD linker stubs

.debug_info     0x00000000     0x1634
 .debug_info    0x00000000       0xba main.o
 .debug_info    0x000000ba      0x7ac os_kernel.o
 .debug_info    0x00000866       0x24 os_kernel_asm.o
 .debug_info    0x0000088a      0x2e8 os_tests.o
 .debug_info    0x00000b72       0x8d tasks.o
 .debug_info    0x00000bff      0x184 stm32f411_startup.o
 .debug_info    0x00000d83      0x498 uart.o
 .debug_info    0x0000121b      0x419 microbench.o

.debug_abbrev   0x00000000      0x87f
 .debug_abbrev  0x00000000       0x86 main.o
 .debug_abbrev  0x00000086      0x289 os_kernel.o
 .debug_abbrev  0x0000030f       0x14 os_kernel_asm.o
 .debug_abbrev  0x00000323      0x132 os_tests.o
 .debug_abbrev  0x00000455       0x43 tasks.o
 .debug_abbrev  0x00000498       0xfe stm32f411_startup.o
 .debug_abbrev  0x00000596      0x18e uart.o
 .debug_abbrev  0x00000724      0x15b microbench.o

.debug_aranges  0x00000000      0x100
 .debug_aranges
                0x00000000       0x20 main.o
 .debug_aranges
                0x00000020       0x20 os_kernel.o
 .debug_aranges
                0x00000040       0x20 os_kernel_asm.o
 .debug_aranges
                0x00000060       0x20 os_tests.o
 .debug_aranges
                0x00000080       0x20 tasks.o
 .debug_aranges
                0x000000a0       0x20 stm32f411_startup.o
 .debug_aranges
                0x000000c0       0x20 uart.o
 .debug_aranges
                0x000000e0       0x20 microbench.o

.debug_line     0x00000000      0xd07
 .debug_line    0x00000000       0x73 main.o
 .debug_line    0x00000073      0x4b8 os_kernel.o
 .debug_line    0x0000052b       0x71 os_kernel_asm.o
 .debug_line    0x0000059c      0x1b6 os_tests.o
 .debug_line    0x00000752       0x46 tasks.o
 .debug_line    0x00000798      0x170 stm32f411_startup.o
 .debug_line    0x00000908      0x253 uart.o
 .debug_line    0x00000b5b      0x1ac microbench.o

.debug_str      0x00000000      0x809
 .debug_str     0x00000000      0x809 main.o
                                0x16a (size before relaxing)
 .debug_str     0x00000809        0x0 os_kernel.o
                                0x424 (size before relaxing)
 .debug_str     0x00000809        0x0 os_kernel_asm.o
                                 0x57 (size before relaxing)
 .debug_str     0x00000809        0x0 os_tests.o
                                0x2d9 (size before relaxing)
 .debug_str     0x00000809        0x0 tasks.o
                                0x145 (size before relaxing)
 .debug_str     0x00000809        0x0 stm32f411_startup.o
                                0x1c8 (size before relaxing)
 .debug_str     0x00000809        0x0 uart.o
                                0x32c (size before relaxing)
 .debug_str     0x00000809        0x0 microbench.o
                                0x398 (size before relaxing)

.comment        0x00000000       0x45
 .comment       0x00000000       0x45 main.o
                                 0x46 (size before relaxing)
 .comment       0x00000045        0x0 os_kernel.o
                                 0x46 (size before relaxing)
 .comment       0x00000045        0x0 os_tests.o
                                 0x46 (size before relaxing)
 .comment       0x00000045        0x0 tasks.o
                                 0x46 (size before relaxing)
 .comment       0x00000045        0x0 stm32f411_startup.o
                                 0x46 (size before relaxing)
 .comment       0x00000045        0x0 uart.o
                                 0x46 (size before relaxing)
 .comment       0x00000045        0x0 microbench.o
                                 0x46 (size before relaxing)

.ARM.attributes
                0x00000000       0x2c
 .ARM.attributes
                0x00000000       0x2e main.o
 .ARM.attributes
                0x0000002e       0x2e os_kernel.o
 .ARM.attributes
                0x0000005c       0x1c os_kernel_asm.o
 .ARM.attributes
                0x00000078       0x2e os_tests.o
 .ARM.attributes
                0x000000a6       0x2e tasks.o
 .ARM.attributes
                0x000000d4       0x2e stm32f411_startup.o
 .ARM.attributes
                0x00000102       0x2e uart.o
 .ARM.attributes
                0x00000130       0x2e microbench.o
 .ARM.attributes
                0x0000015e       0x2e /Applications/ArmGNUToolchain/15.2.rel1/arm-none-eabi/bin/../lib/gcc/arm-none-eabi/15.2.1/../../../../arm-none-eabi/lib/thumb/v7e-m/nofp/libc_nano.a(libc_a-memset.o)

.debug_frame    0x00000000      0x440
 .debug_frame   0x00000000       0x2c main.o
 .debug_frame   0x0000002c      0x1b0 os_kernel.o
 .debug_frame   0x000001dc       0x74 os_tests.o
 .debug_frame   0x00000250       0x28 tasks.o
 .debug_frame   0x00000278       0x4c stm32f411_startup.o
 .debug_frame   0x000002c4      0x10c uart.o
 .debug_frame   0x000003d0       0x50 microbench.o
 .debug_frame   0x00000420       0x20 /Applications/ArmGNUToolchain/15.2.rel1/arm-none-eabi/bin/../lib/gcc/arm-none-eabi/15.2.1/../../../../arm-none-eabi/lib/thumb/v7e-m/nofp/libc_nano.a(libc_a-memset.o)

.debug_line_str
                0x00000000       0x49
 .debug_line_str
                0x00000000       0x49 os_kernel_asm.o
