
There are no discarded input sections

Memory Configuration

Name             Origin             Length             Attributes
FLASH            0x08000000         0x00080000         xr
SRAM             0x20000000         0x00018000         xrw
*default*        0x00000000         0xffffffff

Linker script and memory map

LOAD main.o
LOAD os_kernel.o
LOAD os_kernel_asm.o
LOAD tasks.o
LOAD stm32f411_startup.o
START GROUP
LOAD /Applications/ArmGNUToolchain/15.2.rel1/arm-none-eabi/bin/../lib/gcc/arm-none-eabi/15.2.1/libgcc.a
LOAD /Applications/ArmGNUToolchain/15.2.rel1/arm-none-eabi/bin/../lib/gcc/arm-none-eabi/15.2.1/../../../../arm-none-eabi/lib/libc_nano.a
END GROUP
START GROUP
LOAD /Applications/ArmGNUToolchain/15.2.rel1/arm-none-eabi/bin/../lib/gcc/arm-none-eabi/15.2.1/libgcc.a
LOAD /Applications/ArmGNUToolchain/15.2.rel1/arm-none-eabi/bin/../lib/gcc/arm-none-eabi/15.2.1/../../../../arm-none-eabi/lib/libc_nano.a
LOAD /Applications/ArmGNUToolchain/15.2.rel1/arm-none-eabi/bin/../lib/gcc/arm-none-eabi/15.2.1/../../../../arm-none-eabi/lib/libnosys.a
END GROUP
START GROUP
LOAD /Applications/ArmGNUToolchain/15.2.rel1/arm-none-eabi/bin/../lib/gcc/arm-none-eabi/15.2.1/libgcc.a
LOAD /Applications/ArmGNUToolchain/15.2.rel1/arm-none-eabi/bin/../lib/gcc/arm-none-eabi/15.2.1/../../../../arm-none-eabi/lib/libc_nano.a
LOAD /Applications/ArmGNUToolchain/15.2.rel1/arm-none-eabi/bin/../lib/gcc/arm-none-eabi/15.2.1/../../../../arm-none-eabi/lib/libnosys.a
END GROUP
                0x20018000                        _estack = (ORIGIN (SRAM) + LENGTH (SRAM))
                0x00000200                        __max_heap_size = 0x200
                0x00000400                        __max_stack_size = 0x400

.text           0x08000000      0x760
                0x08000000                        . = ALIGN (0x4)
 *(.isr_vector_tbl)
 .isr_vector_tbl
                0x08000000      0x198 stm32f411_startup.o
                0x08000000                vector_tbl
 *(.text)
 .text          0x08000198       0x9c main.o
                0x08000198                main
                0x080001dc                task1
                0x08000208                task2
 .text          0x08000234      0x448 os_kernel.o
                0x08000234                os_task_init_stack
                0x080002dc                os_task_create
                0x08000378                os_scheduler
                0x08000418                SysTick_Handler
                0x080004ec                os_delay
                0x0800052c                os_kernel_init
                0x08000550                os_kernel_launch
                0x08000580                os_mutex_acquire
                0x080005f0                os_mutex_release
 .text          0x0800067c       0x44 os_kernel_asm.o
                0x0800067c                os_kernel_launch_asm
                0x08000690                os_start_first_task
 .text          0x080006c0        0x8 tasks.o
                0x080006c0                os_idle_task
 .text          0x080006c8       0x98 stm32f411_startup.o
                0x080006c8                DMA1_Stream3_IRQHandler
                0x080006c8                EXTI2_IRQHandler
                0x080006c8                DebugMon_Handler
                0x080006c8                SPI4_IRQHandler
                0x080006c8                TIM1_CC_IRQHandler
                0x080006c8                DMA2_Stream5_IRQHandler
                0x080006c8                HardFault_Handler
                0x080006c8                DMA1_Stream5_IRQHandler
                0x080006c8                PVD_IRQHandler
                0x080006c8                SDIO_IRQHandler
                0x080006c8                TAMP_STAMP_IRQHandler
                0x080006c8                PendSV_Handler
                0x080006c8                NMI_Handler
                0x080006c8                EXTI3_IRQHandler
                0x080006c8                TIM1_UP_TIM10_IRQHandler
                0x080006c8                I2C3_ER_IRQHandler
                0x080006c8                EXTI0_IRQHandler
                0x080006c8                I2C2_EV_IRQHandler
                0x080006c8                DMA1_Stream2_IRQHandler
                0x080006c8                FPU_IRQHandler
                0x080006c8                UsageFault_Handler
                0x080006c8                DMA2_Stream2_IRQHandler
                0x080006c8                SPI1_IRQHandler
                0x080006c8                TIM1_BRK_TIM9_IRQHandler
                0x080006c8                DMA2_Stream3_IRQHandler
                0x080006c8                USART6_IRQHandler
                0x080006c8                RTC_Alarm_IRQHandler
                0x080006c8                DMA2_Stream0_IRQHandler
                0x080006c8                TIM4_IRQHandler
                0x080006c8                I2C1_EV_IRQHandler
                0x080006c8                DMA1_Stream6_IRQHandler
                0x080006c8                DMA1_Stream1_IRQHandler
                0x080006c8                TIM3_IRQHandler
                0x080006c8                RCC_IRQHandler
                0x080006c8                Default_Handler
                0x080006c8                EXTI15_10_IRQHandler
                0x080006c8                ADC_IRQHandler
                0x080006c8                DMA1_Stream7_IRQHandler
                0x080006c8                SPI5_IRQHandler
                0x080006c8                TIM5_IRQHandler
                0x080006c8                DMA2_Stream7_IRQHandler
                0x080006c8                I2C3_EV_IRQHandler
                0x080006c8                EXTI9_5_IRQHandler
                0x080006c8                RTC_WKUP_IRQHandler
                0x080006c8                SPI2_IRQHandler
                0x080006c8                MemManage_Handler
                0x080006c8                DMA1_Stream0_IRQHandler
                0x080006c8                SVC_Handler
                0x080006c8                EXTI4_IRQHandler
                0x080006c8                WWDG_IRQHandler
                0x080006c8                TIM2_IRQHandler
                0x080006c8                OTG_FS_WKUP_IRQHandler
                0x080006c8                TIM1_TRG_COM_TIM11_IRQHandler
                0x080006c8                EXTI1_IRQHandler
                0x080006c8                USART2_IRQHandler
                0x080006c8                I2C2_ER_IRQHandler
                0x080006c8                DMA2_Stream1_IRQHandler
                0x080006c8                FLASH_IRQHandler
                0x080006c8                DMA2_Stream4_IRQHandler
                0x080006c8                BusFault_Handler
                0x080006c8                USART1_IRQHandler
                0x080006c8                OTG_FS_IRQHandler
                0x080006c8                SPI3_IRQHandler
                0x080006c8                DMA1_Stream4_IRQHandler
                0x080006c8                I2C1_ER_IRQHandler
                0x080006c8                DMA2_Stream6_IRQHandler
                0x080006ce                Reset_Handler
 *(.rodata)
                0x08000760                        . = ALIGN (0x4)
                0x08000760                        _etext = .

.glue_7         0x08000760        0x0
 .glue_7        0x08000760        0x0 linker stubs

.glue_7t        0x08000760        0x0
 .glue_7t       0x08000760        0x0 linker stubs

.vfp11_veneer   0x08000760        0x0
 .vfp11_veneer  0x08000760        0x0 linker stubs

.v4_bx          0x08000760        0x0
 .v4_bx         0x08000760        0x0 linker stubs

.iplt           0x08000760        0x0
 .iplt          0x08000760        0x0 main.o

.rel.dyn        0x08000760        0x0
 .rel.iplt      0x08000760        0x0 main.o

.data           0x20000000        0x0 load address 0x08000760
                0x20000000                        . = ALIGN (0x4)
                0x20000000                        _sdata = .
 *(.data)
 .data          0x20000000        0x0 main.o
 .data          0x20000000        0x0 os_kernel.o
 .data          0x20000000        0x0 os_kernel_asm.o
 .data          0x20000000        0x0 tasks.o
 .data          0x20000000        0x0 stm32f411_startup.o
                0x20000000                        . = ALIGN (0x4)
                0x20000000                        _edata = .

.igot.plt       0x20000000        0x0 load address 0x08000760
 .igot.plt      0x20000000        0x0 main.o

.bss            0x20000000      0xcbc load address 0x08000760
                0x20000000                        . = ALIGN (0x4)
                0x20000000                        _sbss = .
 *(.bss)
 .bss           0x20000000      0xc24 main.o
                0x20000000                task1_stack
                0x20000400                task2_stack
                0x20000800                idle_task_stack
                0x20000c00                shared_var
                0x20000c04                shared_mutex
 .bss           0x20000c24       0x98 os_kernel.o
                0x20000c24                os_tasks
                0x20000cb8                current_tcb
 .bss           0x20000cbc        0x0 os_kernel_asm.o
 .bss           0x20000cbc        0x0 tasks.o
 .bss           0x20000cbc        0x0 stm32f411_startup.o
                0x20000cbc                        . = ALIGN (0x4)
                0x20000cbc                        _ebss = .
OUTPUT(all.elf elf32-littlearm)
LOAD linker stubs

.debug_info     0x00000000      0xb5e
 .debug_info    0x00000000      0x2ce main.o
 .debug_info    0x000002ce      0x65b os_kernel.o
 .debug_info    0x00000929       0x24 os_kernel_asm.o
 .debug_info    0x0000094d       0x8d tasks.o
 .debug_info    0x000009da      0x184 stm32f411_startup.o

.debug_abbrev   0x00000000      0x4a8
 .debug_abbrev  0x00000000      0x13c main.o
 .debug_abbrev  0x0000013c      0x217 os_kernel.o
 .debug_abbrev  0x00000353       0x14 os_kernel_asm.o
 .debug_abbrev  0x00000367       0x43 tasks.o
 .debug_abbrev  0x000003aa       0xfe stm32f411_startup.o

.debug_aranges  0x00000000       0xa0
 .debug_aranges
                0x00000000       0x20 main.o
 .debug_aranges
                0x00000020       0x20 os_kernel.o
 .debug_aranges
                0x00000040       0x20 os_kernel_asm.o
 .debug_aranges
                0x00000060       0x20 tasks.o
 .debug_aranges
                0x00000080       0x20 stm32f411_startup.o

.debug_line     0x00000000      0x72e
 .debug_line    0x00000000      0x166 main.o
 .debug_line    0x00000166      0x3b3 os_kernel.o
 .debug_line    0x00000519       0x5f os_kernel_asm.o
 .debug_line    0x00000578       0x46 tasks.o
 .debug_line    0x000005be      0x170 stm32f411_startup.o

.debug_str      0x00000000      0x487
 .debug_str     0x00000000      0x487 main.o
                                0x2b1 (size before relaxing)
 .debug_str     0x00000487        0x0 os_kernel.o
                                0x3a5 (size before relaxing)
 .debug_str     0x00000487        0x0 os_kernel_asm.o
                                 0x57 (size before relaxing)
 .debug_str     0x00000487        0x0 tasks.o
                                0x145 (size before relaxing)
 .debug_str     0x00000487        0x0 stm32f411_startup.o
                                0x1c8 (size before relaxing)

.comment        0x00000000       0x45
 .comment       0x00000000       0x45 main.o
                                 0x46 (size before relaxing)
 .comment       0x00000045        0x0 os_kernel.o
                                 0x46 (size before relaxing)
 .comment       0x00000045        0x0 tasks.o
                                 0x46 (size before relaxing)
 .comment       0x00000045        0x0 stm32f411_startup.o
                                 0x46 (size before relaxing)

.ARM.attributes
                0x00000000       0x2c
 .ARM.attributes
                0x00000000       0x2e main.o
 .ARM.attributes
                0x0000002e       0x2e os_kernel.o
 .ARM.attributes
                0x0000005c       0x1c os_kernel_asm.o
 .ARM.attributes
                0x00000078       0x2e tasks.o
 .ARM.attributes
                0x000000a6       0x2e stm32f411_startup.o

.debug_frame    0x00000000      0x238
 .debug_frame   0x00000000       0x64 main.o
 .debug_frame   0x00000064      0x160 os_kernel.o
 .debug_frame   0x000001c4       0x28 tasks.o
 .debug_frame   0x000001ec       0x4c stm32f411_startup.o

.debug_line_str
                0x00000000       0x49
 .debug_line_str
                0x00000000       0x49 os_kernel_asm.o
